src/components/admin/AdminLayout.tsx(7,33): error TS6133: 'FaInfoCircle' is declared but its value is never read.
src/components/admin/AdminTestConnection.tsx(35,15): error TS6133: 'data' is declared but its value is never read.
src/components/admin/AdminUI.tsx(3,1): error TS6133: 'FaChevronRight' is declared but its value is never read.
src/components/home/HeroBanner.tsx(1,20): error TS6133: 'useEffect' is declared but its value is never read.
src/components/home/HeroBanner.tsx(55,26): error TS6133: 'index' is declared but its value is never read.
src/components/home/TestimonialsSection.tsx(48,10): error TS6133: 'activeIndex' is declared but its value is never read.
src/components/profile/UserProfileForm.tsx(60,17): error TS6133: 'url' is declared but its value is never read.
src/hooks/index.ts(24,20): error TS2300: Duplicate identifier 'useCallback'.
src/hooks/index.ts(76,10): error TS2300: Duplicate identifier 'useCallback'.
src/hooks/useDepartments.ts(49,19): error TS6133: 'data' is declared but its value is never read.
src/hooks/useDoctors.ts(59,19): error TS6133: 'data' is declared but its value is never read.
src/hooks/useHealthArticles.ts(59,19): error TS6133: 'data' is declared but its value is never read.
src/hooks/useHospitals.ts(35,19): error TS6133: 'data' is declared but its value is never read.
src/pages/AboutPage.tsx(160,8): error TS2304: Cannot find name 'Helmet'.
src/pages/AboutPage.tsx(163,9): error TS2304: Cannot find name 'Helmet'.
src/pages/DepartmentDetailPage.tsx(7,1): error TS6133: 'SectionTitle' is declared but its value is never read.
src/pages/HealthArticlePage.tsx(4,1): error TS6133: 'motion' is declared but its value is never read.
src/pages/HealthTourismPage.tsx(132,8): error TS2304: Cannot find name 'Helmet'.
src/pages/HealthTourismPage.tsx(135,9): error TS2304: Cannot find name 'Helmet'.
src/pages/HealthVideosPage.tsx(4,1): error TS6133: 'SectionTitle' is declared but its value is never read.
src/pages/TestPage.tsx(1,1): error TS6133: 'React' is declared but its value is never read.
src/utils/seedDatabase.ts(1,1): error TS6133: 'supabase' is declared but its value is never read.
src/utils/seedDatabase.ts(5,3): error TS6133: 'createDoctor' is declared but its value is never read.
src/utils/seedDatabase.ts(6,3): error TS6133: 'createHealthArticle' is declared but its value is never read.
src/utils/seedDatabase.ts(71,15): error TS6133: 'data' is declared but its value is never read.
src/utils/seedDatabase.ts(71,52): error TS2345: Argument of type '{ name: string; slug: string; description: string; address: string; phone: string; email: string; working_hours: string; emergency_hours: string; images: string[]; }' is not assignable to parameter of type 'Omit<Hospital, "id" | "created_at">'.
  Type '{ name: string; slug: string; description: string; address: string; phone: string; email: string; working_hours: string; emergency_hours: string; images: string[]; }' is missing the following properties from type 'Omit<Hospital, "id" | "created_at">': display_on_homepage, display_order
src/utils/seedDatabase.ts(81,15): error TS6133: 'data' is declared but its value is never read.
